
> north-georgia-running@0.1.0 dev
> next dev --turbo

   ▲ Next.js 15.1.6 (Turbopack)
   - Local:        http://localhost:3000
   - Network:      http://10.0.0.100:3000
   - Environments: .env

 ✓ Starting...
 ✓ Ready in 1235ms
 ○ Compiling / ...
 ✓ Compiled / in 2.4s
 GET / 200 in 2700ms
 HEAD / 200 in 55ms
 ✓ Compiled /events in 178ms
Query state: { isLoading: true, isFetching: true, data: undefined, error: null }
 HEAD /events 200 in 214ms
 GET /events 200 in 68ms
 ○ Compiling /api/trpc/[trpc] ...
 ✓ Compiled /api/trpc/[trpc] in 659ms
[TRPC] events.getAll took 456ms to execute
 GET /api/trpc/events.getAll?input=%7B%22json%22%3Anull%2C%22meta%22%3A%7B%22values%22%3A%5B%22undefined%22%5D%7D%7D 200 in 1804ms
 GET / 200 in 39ms
[TRPC] events.getAll took 404ms to execute
 GET /api/trpc/events.getAll?input=%7B%22json%22%3A%7B%22city%22%3A%22Ackworth%22%7D%7D 200 in 441ms
[TRPC] events.getAll took 127ms to execute
 GET /api/trpc/events.getAll?input=%7B%22json%22%3A%7B%22city%22%3A%22Marietta%22%7D%7D 200 in 162ms
 ✓ Compiled in 46ms
 ✓ Compiled in 57ms
 ✓ Compiled in 33ms
 ✓ Compiled in 42ms
 ✓ Compiled in 47ms
 ✓ Compiled in 54ms
 ✓ Compiled in 30ms
 ✓ Compiled / in 19ms
 GET / 200 in 116ms
 GET / 200 in 37ms
 ✓ Compiled / in 71ms
 GET / 200 in 292ms
 GET / 200 in 273ms
 ✓ Compiled in 35ms
 ✓ Compiled in 42ms
 ✓ Compiled in 29ms
 ✓ Compiled /events in 31ms
Query state: { isLoading: true, isFetching: true, data: undefined, error: null }
 GET /events 200 in 192ms
[TRPC] events.getAll took 418ms to execute
 GET /api/trpc/events.getAll?input=%7B%22json%22%3Anull%2C%22meta%22%3A%7B%22values%22%3A%5B%22undefined%22%5D%7D%7D 200 in 478ms
[TRPC] events.importEvents took 551ms to execute
 POST /api/trpc/events.importEvents 200 in 593ms
[TRPC] events.getAll took 364ms to execute
 GET /api/trpc/events.getAll?input=%7B%22json%22%3Anull%2C%22meta%22%3A%7B%22values%22%3A%5B%22undefined%22%5D%7D%7D 200 in 398ms
[TRPC] events.importEvents took 426ms to execute
 POST /api/trpc/events.importEvents 200 in 461ms
[TRPC] events.getAll took 324ms to execute
 GET /api/trpc/events.getAll?input=%7B%22json%22%3Anull%2C%22meta%22%3A%7B%22values%22%3A%5B%22undefined%22%5D%7D%7D 200 in 360ms
 ○ Compiling /_error ...
 ✓ Compiled /_error in 887ms
 GET /events 500 in 1255ms
 GET /events 500 in 85ms
 ✓ Compiled in 40ms
Query state: { isLoading: true, isFetching: true, data: undefined, error: null }
 GET /events 200 in 244ms
[TRPC] events.getAll took 448ms to execute
 GET /api/trpc/events.getAll?input=%7B%22json%22%3Anull%2C%22meta%22%3A%7B%22values%22%3A%5B%22undefined%22%5D%7D%7D 200 in 501ms
 ✓ Compiled / in 23ms
 GET / 200 in 106ms
 ✓ Compiled in 28ms
 ✓ Compiled / in 20ms
 GET / 200 in 121ms
 GET / 200 in 44ms
 ✓ Compiled in 40ms
 ✓ Compiled in 49ms
 ✓ Compiled in 28ms
 ✓ Compiled in 40ms
 ✓ Compiled in 26ms
 ✓ Compiled in 33ms
 ✓ Compiled in 36ms
 ✓ Compiled in 37ms
 ✓ Compiled in 39ms
 ✓ Compiled in 34ms
 ✓ Compiled in 29ms
 ✓ Compiled in 29ms
 ✓ Compiled in 36ms
 ✓ Compiled in 34ms
 ✓ Compiled in 32ms
 ✓ Compiled in 34ms
 ✓ Compiled in 31ms
 ✓ Compiled in 36ms
 ✓ Compiled in 27ms
 ✓ Compiled in 35ms
 ✓ Compiled in 40ms
 ✓ Compiled in 27ms
 ✓ Compiled in 40ms
 ✓ Compiled in 25ms
 ✓ Compiled in 30ms
 ✓ Compiled in 44ms
 ✓ Compiled in 40ms
 ✓ Compiled in 29ms
 ✓ Compiled in 11ms
 ⚠ Fast Refresh had to perform a full reload when ./src/app/_components/themes.ts changed. Read more: https://nextjs.org/docs/messages/fast-refresh-reload
 ✓ Compiled / in 35ms
 GET / 200 in 223ms
 GET / 200 in 213ms
 ⚠ Fast Refresh had to perform a full reload when ./src/app/_components/themes.ts changed. Read more: https://nextjs.org/docs/messages/fast-refresh-reload
 ✓ Compiled in 16ms
 GET / 200 in 424ms
 GET / 200 in 62ms
 GET / 200 in 62ms
 ⚠ Fast Refresh had to perform a full reload when ./src/app/_components/themes.ts changed. Read more: https://nextjs.org/docs/messages/fast-refresh-reload
 ✓ Compiled in 12ms
 GET / 200 in 316ms
 ✓ Compiled /_not-found/page in 251ms
 GET /.well-known/appspecific/com.chrome.devtools.json 404 in 301ms
 ⚠ Fast Refresh had to perform a full reload when ./src/app/_components/themes.ts changed. Read more: https://nextjs.org/docs/messages/fast-refresh-reload
 ✓ Compiled in 15ms
 GET / 200 in 269ms
 GET /.well-known/appspecific/com.chrome.devtools.json 404 in 356ms
 GET / 200 in 60ms
 GET /.well-known/appspecific/com.chrome.devtools.json 404 in 211ms
 GET / 200 in 51ms
 GET /.well-known/appspecific/com.chrome.devtools.json 404 in 194ms
 ⚠ Fast Refresh had to perform a full reload when ./src/app/_components/themes.ts changed. Read more: https://nextjs.org/docs/messages/fast-refresh-reload
 ✓ Compiled in 15ms
 GET / 200 in 276ms
 GET /.well-known/appspecific/com.chrome.devtools.json 404 in 198ms
 ⚠ Fast Refresh had to perform a full reload when ./src/app/_components/themes.ts changed. Read more: https://nextjs.org/docs/messages/fast-refresh-reload
 ✓ Compiled in 19ms
 GET / 200 in 335ms
 GET /.well-known/appspecific/com.chrome.devtools.json 404 in 230ms
 GET / 200 in 85ms
 GET /.well-known/appspecific/com.chrome.devtools.json 404 in 318ms
 ⚠ Fast Refresh had to perform a full reload when ./src/app/_components/themes.ts changed. Read more: https://nextjs.org/docs/messages/fast-refresh-reload
 ✓ Compiled in 22ms
 GET / 200 in 237ms
 GET /.well-known/appspecific/com.chrome.devtools.json 404 in 321ms
 ⚠ Fast Refresh had to perform a full reload when ./src/app/_components/themes.ts changed. Read more: https://nextjs.org/docs/messages/fast-refresh-reload
 ✓ Compiled in 10ms
 GET / 200 in 234ms
 GET /.well-known/appspecific/com.chrome.devtools.json 404 in 284ms
 GET / 200 in 61ms
 GET / 200 in 62ms
 GET /.well-known/appspecific/com.chrome.devtools.json 404 in 60ms
 ⚠ Fast Refresh had to perform a full reload when ./src/app/_components/themes.ts changed. Read more: https://nextjs.org/docs/messages/fast-refresh-reload
 ✓ Compiled in 9ms
 GET / 200 in 310ms
 GET /.well-known/appspecific/com.chrome.devtools.json 404 in 159ms
 ⚠ Fast Refresh had to perform a full reload when ./src/app/_components/themes.ts changed. Read more: https://nextjs.org/docs/messages/fast-refresh-reload
 ✓ Compiled in 17ms
 GET / 200 in 216ms
 GET /.well-known/appspecific/com.chrome.devtools.json 404 in 219ms
 ⚠ Fast Refresh had to perform a full reload when ./src/app/_components/themes.ts changed. Read more: https://nextjs.org/docs/messages/fast-refresh-reload
 ✓ Compiled in 25ms
 GET / 200 in 359ms
 GET /.well-known/appspecific/com.chrome.devtools.json 404 in 305ms
 ⚠ Fast Refresh had to perform a full reload when ./src/app/_components/themes.ts changed. Read more: https://nextjs.org/docs/messages/fast-refresh-reload
 ✓ Compiled in 13ms
 GET / 200 in 228ms
 GET /.well-known/appspecific/com.chrome.devtools.json 404 in 190ms
 ⚠ Fast Refresh had to perform a full reload when ./src/app/_components/themes.ts changed. Read more: https://nextjs.org/docs/messages/fast-refresh-reload
 ✓ Compiled in 12ms
 GET / 200 in 253ms
 GET /.well-known/appspecific/com.chrome.devtools.json 404 in 231ms
 GET / 200 in 75ms
 GET /.well-known/appspecific/com.chrome.devtools.json 404 in 192ms
[TRPC] events.getAll took 267ms to execute
 GET /api/trpc/events.getAll?input=%7B%22json%22%3A%7B%22city%22%3A%22atlanta%22%7D%7D 200 in 318ms
 ⚠ Fast Refresh had to perform a full reload when ./src/app/_components/themes.ts changed. Read more: https://nextjs.org/docs/messages/fast-refresh-reload
 ✓ Compiled in 14ms
 GET / 200 in 252ms
 GET /.well-known/appspecific/com.chrome.devtools.json 404 in 349ms
 GET / 200 in 70ms
 GET /.well-known/appspecific/com.chrome.devtools.json 404 in 177ms
 ⚠ Fast Refresh had to perform a full reload when ./src/app/_components/themes.ts changed. Read more: https://nextjs.org/docs/messages/fast-refresh-reload
 ✓ Compiled in 16ms
 GET / 200 in 329ms
 GET /.well-known/appspecific/com.chrome.devtools.json 404 in 200ms
 ⚠ Fast Refresh had to perform a full reload when ./src/app/_components/themes.ts changed. Read more: https://nextjs.org/docs/messages/fast-refresh-reload
 ✓ Compiled in 17ms
 GET / 200 in 260ms
 GET /.well-known/appspecific/com.chrome.devtools.json 404 in 185ms
 ⚠ Fast Refresh had to perform a full reload when ./src/app/_components/themes.ts changed. Read more: https://nextjs.org/docs/messages/fast-refresh-reload
 ✓ Compiled in 19ms
 GET / 200 in 257ms
 GET /.well-known/appspecific/com.chrome.devtools.json 404 in 197ms
 ⚠ Fast Refresh had to perform a full reload when ./src/app/_components/themes.ts changed. Read more: https://nextjs.org/docs/messages/fast-refresh-reload
 ✓ Compiled in 17ms
 GET / 200 in 224ms
 GET /.well-known/appspecific/com.chrome.devtools.json 404 in 140ms
 ✓ Compiled in 44ms
 ✓ Compiled in 35ms
 ✓ Compiled in 28ms
 ✓ Compiled in 38ms
 ✓ Compiled in 40ms
 ✓ Compiled in 45ms
 ✓ Compiled in 43ms
 ✓ Compiled in 33ms
 ✓ Compiled in 43ms
 ✓ Compiled /events in 39ms
 GET /events 200 in 131ms
[TRPC] events.getAll took 219ms to execute
 GET /api/trpc/events.getAll?input=%7B%22json%22%3Anull%2C%22meta%22%3A%7B%22values%22%3A%5B%22undefined%22%5D%7D%7D 200 in 296ms
 GET / 200 in 124ms
 GET /events 200 in 84ms
 GET /.well-known/appspecific/com.chrome.devtools.json 404 in 122ms
[TRPC] events.getAll took 414ms to execute
 GET /api/trpc/events.getAll?input=%7B%22json%22%3Anull%2C%22meta%22%3A%7B%22values%22%3A%5B%22undefined%22%5D%7D%7D 200 in 478ms
 ⚠ Fast Refresh had to perform a full reload when ./src/app/_components/themes.ts changed. Read more: https://nextjs.org/docs/messages/fast-refresh-reload
 ✓ Compiled in 12ms
Query state: { isLoading: true, isFetching: true, data: undefined, error: null }
Query state: { isLoading: true, isFetching: true, data: undefined, error: null }
 GET /events 200 in 381ms
 GET /.well-known/appspecific/com.chrome.devtools.json 404 in 237ms
[TRPC] events.getAll took 349ms to execute
 GET /api/trpc/events.getAll?input=%7B%22json%22%3Anull%2C%22meta%22%3A%7B%22values%22%3A%5B%22undefined%22%5D%7D%7D 200 in 435ms
 ⚠ Fast Refresh had to perform a full reload when ./src/app/_components/themes.ts changed. Read more: https://nextjs.org/docs/messages/fast-refresh-reload
 ✓ Compiled in 9ms
Query state: { isLoading: true, isFetching: true, data: undefined, error: null }
Query state: { isLoading: true, isFetching: true, data: undefined, error: null }
 GET /events 200 in 283ms
 GET /.well-known/appspecific/com.chrome.devtools.json 404 in 189ms
[TRPC] events.getAll took 358ms to execute
 GET /api/trpc/events.getAll?input=%7B%22json%22%3Anull%2C%22meta%22%3A%7B%22values%22%3A%5B%22undefined%22%5D%7D%7D 200 in 447ms
 ⚠ Fast Refresh had to perform a full reload when ./src/app/_components/themes.ts changed. Read more: https://nextjs.org/docs/messages/fast-refresh-reload
 ✓ Compiled in 12ms
Query state: { isLoading: true, isFetching: true, data: undefined, error: null }
Query state: { isLoading: true, isFetching: true, data: undefined, error: null }
 GET /events 200 in 283ms
 GET /.well-known/appspecific/com.chrome.devtools.json 404 in 232ms
[TRPC] events.getAll took 195ms to execute
 GET /api/trpc/events.getAll?input=%7B%22json%22%3Anull%2C%22meta%22%3A%7B%22values%22%3A%5B%22undefined%22%5D%7D%7D 200 in 294ms
 ⚠ Fast Refresh had to perform a full reload when ./src/app/_components/themes.ts changed. Read more: https://nextjs.org/docs/messages/fast-refresh-reload
 ✓ Compiled in 10ms
Query state: { isLoading: true, isFetching: true, data: undefined, error: null }
Query state: { isLoading: true, isFetching: true, data: undefined, error: null }
 GET /events 200 in 292ms
 GET /.well-known/appspecific/com.chrome.devtools.json 404 in 342ms
[TRPC] events.getAll took 422ms to execute
 GET /api/trpc/events.getAll?input=%7B%22json%22%3Anull%2C%22meta%22%3A%7B%22values%22%3A%5B%22undefined%22%5D%7D%7D 200 in 518ms
 ⚠ Fast Refresh had to perform a full reload when ./src/app/_components/themes.ts changed. Read more: https://nextjs.org/docs/messages/fast-refresh-reload
 ✓ Compiled in 11ms
Query state: { isLoading: true, isFetching: true, data: undefined, error: null }
Query state: { isLoading: true, isFetching: true, data: undefined, error: null }
 GET /events 200 in 269ms
 GET /.well-known/appspecific/com.chrome.devtools.json 404 in 359ms
[TRPC] events.getAll took 206ms to execute
 GET /api/trpc/events.getAll?input=%7B%22json%22%3Anull%2C%22meta%22%3A%7B%22values%22%3A%5B%22undefined%22%5D%7D%7D 200 in 324ms
 GET / 200 in 102ms
 ⚠ Fast Refresh had to perform a full reload when ./src/app/_components/themes.ts changed. Read more: https://nextjs.org/docs/messages/fast-refresh-reload
 ✓ Compiled in 14ms
 GET / 200 in 256ms
 ⚠ Fast Refresh had to perform a full reload when ./src/app/_components/themes.ts changed. Read more: https://nextjs.org/docs/messages/fast-refresh-reload
 ✓ Compiled in 19ms
 GET / 200 in 297ms
 ✓ Compiled in 29ms
 ✓ Compiled in 45ms
 ✓ Compiled in 28ms
 ✓ Compiled in 38ms
 ✓ Compiled in 47ms
 ✓ Compiled in 45ms
 ✓ Compiled in 43ms
 ✓ Compiled in 48ms
 ✓ Compiled in 45ms
 ✓ Compiled in 31ms
 ✓ Compiled in 39ms
 GET / 200 in 209ms
 GET /.well-known/appspecific/com.chrome.devtools.json 404 in 95ms
 ⚠ Fast Refresh had to perform a full reload when ./src/app/_components/themes.ts changed. Read more: https://nextjs.org/docs/messages/fast-refresh-reload
 ✓ Compiled in 13ms
 GET / 200 in 437ms
 GET /.well-known/appspecific/com.chrome.devtools.json 404 in 334ms
 GET /events 200 in 137ms
[TRPC] events.getAll took 201ms to execute
 GET /api/trpc/events.getAll?input=%7B%22json%22%3Anull%2C%22meta%22%3A%7B%22values%22%3A%5B%22undefined%22%5D%7D%7D 200 in 251ms
 GET / 200 in 57ms
 GET /.well-known/appspecific/com.chrome.devtools.json 404 in 185ms
 ✓ Compiled in 1531ms
 ⚠ Fast Refresh had to perform a full reload when ./src/app/_components/themes.ts changed. Read more: https://nextjs.org/docs/messages/fast-refresh-reload
 ✓ Compiled in 14ms
 GET / 200 in 299ms
 GET /.well-known/appspecific/com.chrome.devtools.json 404 in 207ms
 ⚠ Fast Refresh had to perform a full reload when ./src/app/_components/themes.ts changed. Read more: https://nextjs.org/docs/messages/fast-refresh-reload
 ✓ Compiled in 13ms
 GET / 200 in 236ms
 GET /.well-known/appspecific/com.chrome.devtools.json 404 in 165ms
 ⚠ Fast Refresh had to perform a full reload when ./src/app/_components/themes.ts changed. Read more: https://nextjs.org/docs/messages/fast-refresh-reload
 ✓ Compiled in 14ms
 GET / 200 in 254ms
 GET /.well-known/appspecific/com.chrome.devtools.json 404 in 172ms
 ⚠ Fast Refresh had to perform a full reload when ./src/app/_components/themes.ts changed. Read more: https://nextjs.org/docs/messages/fast-refresh-reload
 ✓ Compiled in 22ms
 GET / 200 in 315ms
 GET /.well-known/appspecific/com.chrome.devtools.json 404 in 257ms
 ⚠ Fast Refresh had to perform a full reload when ./src/app/_components/themes.ts changed. Read more: https://nextjs.org/docs/messages/fast-refresh-reload
 ✓ Compiled in 19ms
 GET / 200 in 314ms
 GET /.well-known/appspecific/com.chrome.devtools.json 404 in 262ms
 ⨯ [Error: ENOENT: no such file or directory, open '/Users/brainjocks/Projects/north-georgia-running/.next/server/app/page/app-build-manifest.json'] {
  errno: -2,
  code: 'ENOENT',
  syscall: 'open',
  path: '/Users/brainjocks/Projects/north-georgia-running/.next/server/app/page/app-build-manifest.json'
}
 ⨯ [Error: ENOENT: no such file or directory, open '/Users/brainjocks/Projects/north-georgia-running/.next/server/app/page/app-build-manifest.json'] {
  errno: -2,
  code: 'ENOENT',
  syscall: 'open',
  path: '/Users/brainjocks/Projects/north-georgia-running/.next/server/app/page/app-build-manifest.json'
}
 ⨯ [Error: ENOENT: no such file or directory, open '/Users/brainjocks/Projects/north-georgia-running/.next/server/app/page/app-build-manifest.json'] {
  errno: -2,
  code: 'ENOENT',
  syscall: 'open',
  path: '/Users/brainjocks/Projects/north-georgia-running/.next/server/app/page/app-build-manifest.json'
}
 ⨯ [Error: ENOENT: no such file or directory, open '/Users/brainjocks/Projects/north-georgia-running/.next/server/app/page/app-build-manifest.json'] {
  errno: -2,
  code: 'ENOENT',
  syscall: 'open',
  path: '/Users/brainjocks/Projects/north-georgia-running/.next/server/app/page/app-build-manifest.json'
}
 ⨯ [Error: ENOENT: no such file or directory, open '/Users/brainjocks/Projects/north-georgia-running/.next/server/app/page/app-build-manifest.json'] {
  errno: -2,
  code: 'ENOENT',
  syscall: 'open',
  path: '/Users/brainjocks/Projects/north-georgia-running/.next/server/app/page/app-build-manifest.json'
}
 ⨯ [Error: ENOENT: no such file or directory, open '/Users/brainjocks/Projects/north-georgia-running/.next/server/app/page/app-build-manifest.json'] {
  errno: -2,
  code: 'ENOENT',
  syscall: 'open',
  path: '/Users/brainjocks/Projects/north-georgia-running/.next/server/app/page/app-build-manifest.json'
}
 ⨯ [Error: ENOENT: no such file or directory, open '/Users/brainjocks/Projects/north-georgia-running/.next/server/app/page/app-build-manifest.json'] {
  errno: -2,
  code: 'ENOENT',
  syscall: 'open',
  path: '/Users/brainjocks/Projects/north-georgia-running/.next/server/app/page/app-build-manifest.json'
}
 ⨯ [Error: ENOENT: no such file or directory, open '/Users/brainjocks/Projects/north-georgia-running/.next/server/app/page/app-build-manifest.json'] {
  errno: -2,
  code: 'ENOENT',
  syscall: 'open',
  path: '/Users/brainjocks/Projects/north-georgia-running/.next/server/app/page/app-build-manifest.json'
}
 ⨯ [Error: ENOENT: no such file or directory, open '/Users/brainjocks/Projects/north-georgia-running/.next/server/app/page/app-build-manifest.json'] {
  errno: -2,
  code: 'ENOENT',
  syscall: 'open',
  path: '/Users/brainjocks/Projects/north-georgia-running/.next/server/app/page/app-build-manifest.json'
}
 ⨯ [Error: ENOENT: no such file or directory, open '/Users/brainjocks/Projects/north-georgia-running/.next/server/app/page/app-build-manifest.json'] {
  errno: -2,
  code: 'ENOENT',
  syscall: 'open',
  path: '/Users/brainjocks/Projects/north-georgia-running/.next/server/app/page/app-build-manifest.json'
}
 ⨯ [Error: ENOENT: no such file or directory, open '/Users/brainjocks/Projects/north-georgia-running/.next/server/app/page/app-build-manifest.json'] {
  errno: -2,
  code: 'ENOENT',
  syscall: 'open',
  path: '/Users/brainjocks/Projects/north-georgia-running/.next/server/app/page/app-build-manifest.json'
}
 ⨯ [Error: ENOENT: no such file or directory, open '/Users/brainjocks/Projects/north-georgia-running/.next/server/app/page/app-build-manifest.json'] {
  errno: -2,
  code: 'ENOENT',
  syscall: 'open',
  path: '/Users/brainjocks/Projects/north-georgia-running/.next/server/app/page/app-build-manifest.json'
}
 ⨯ [Error: ENOENT: no such file or directory, open '/Users/brainjocks/Projects/north-georgia-running/.next/server/app/page/app-build-manifest.json'] {
  errno: -2,
  code: 'ENOENT',
  syscall: 'open',
  path: '/Users/brainjocks/Projects/north-georgia-running/.next/server/app/page/app-build-manifest.json'
}
 ⨯ [Error: ENOENT: no such file or directory, open '/Users/brainjocks/Projects/north-georgia-running/.next/server/app/page/app-build-manifest.json'] {
  errno: -2,
  code: 'ENOENT',
  syscall: 'open',
  path: '/Users/brainjocks/Projects/north-georgia-running/.next/server/app/page/app-build-manifest.json'
}
 ⨯ [Error: ENOENT: no such file or directory, open '/Users/brainjocks/Projects/north-georgia-running/.next/server/app/page/app-build-manifest.json'] {
  errno: -2,
  code: 'ENOENT',
  syscall: 'open',
  path: '/Users/brainjocks/Projects/north-georgia-running/.next/server/app/page/app-build-manifest.json'
}
 ⨯ [Error: ENOENT: no such file or directory, open '/Users/brainjocks/Projects/north-georgia-running/.next/server/app/page/app-build-manifest.json'] {
  errno: -2,
  code: 'ENOENT',
  syscall: 'open',
  path: '/Users/brainjocks/Projects/north-georgia-running/.next/server/app/page/app-build-manifest.json'
}
 ⨯ [Error: ENOENT: no such file or directory, open '/Users/brainjocks/Projects/north-georgia-running/.next/server/app/page/app-build-manifest.json'] {
  errno: -2,
  code: 'ENOENT',
  syscall: 'open',
  path: '/Users/brainjocks/Projects/north-georgia-running/.next/server/app/page/app-build-manifest.json'
}
 ⨯ [Error: ENOENT: no such file or directory, open '/Users/brainjocks/Projects/north-georgia-running/.next/server/app/page/app-build-manifest.json'] {
  errno: -2,
  code: 'ENOENT',
  syscall: 'open',
  path: '/Users/brainjocks/Projects/north-georgia-running/.next/server/app/page/app-build-manifest.json'
}
 ⨯ [Error: ENOENT: no such file or directory, open '/Users/brainjocks/Projects/north-georgia-running/.next/server/app/page/app-build-manifest.json'] {
  errno: -2,
  code: 'ENOENT',
  syscall: 'open',
  path: '/Users/brainjocks/Projects/north-georgia-running/.next/server/app/page/app-build-manifest.json'
}
 ⨯ [Error: ENOENT: no such file or directory, open '/Users/brainjocks/Projects/north-georgia-running/.next/server/app/page/app-build-manifest.json'] {
  errno: -2,
  code: 'ENOENT',
  syscall: 'open',
  path: '/Users/brainjocks/Projects/north-georgia-running/.next/server/app/page/app-build-manifest.json'
}
 ⨯ [Error: ENOENT: no such file or directory, open '/Users/brainjocks/Projects/north-georgia-running/.next/server/app/page/app-build-manifest.json'] {
  errno: -2,
  code: 'ENOENT',
  syscall: 'open',
  path: '/Users/brainjocks/Projects/north-georgia-running/.next/server/app/page/app-build-manifest.json'
}
 ⨯ [Error: ENOENT: no such file or directory, open '/Users/brainjocks/Projects/north-georgia-running/.next/server/app/page/app-build-manifest.json'] {
  errno: -2,
  code: 'ENOENT',
  syscall: 'open',
  path: '/Users/brainjocks/Projects/north-georgia-running/.next/server/app/page/app-build-manifest.json'
}
 ⨯ [Error: ENOENT: no such file or directory, open '/Users/brainjocks/Projects/north-georgia-running/.next/server/app/page/app-build-manifest.json'] {
  errno: -2,
  code: 'ENOENT',
  syscall: 'open',
  path: '/Users/brainjocks/Projects/north-georgia-running/.next/server/app/page/app-build-manifest.json'
}
 ⨯ [Error: ENOENT: no such file or directory, open '/Users/brainjocks/Projects/north-georgia-running/.next/server/app/page/app-build-manifest.json'] {
  errno: -2,
  code: 'ENOENT',
  syscall: 'open',
  path: '/Users/brainjocks/Projects/north-georgia-running/.next/server/app/page/app-build-manifest.json'
}
 ⨯ [Error: ENOENT: no such file or directory, open '/Users/brainjocks/Projects/north-georgia-running/.next/server/app/page/app-build-manifest.json'] {
  errno: -2,
  code: 'ENOENT',
  syscall: 'open',
  path: '/Users/brainjocks/Projects/north-georgia-running/.next/server/app/page/app-build-manifest.json'
}
 ⨯ [Error: ENOENT: no such file or directory, open '/Users/brainjocks/Projects/north-georgia-running/.next/server/app/page/app-build-manifest.json'] {
  errno: -2,
  code: 'ENOENT',
  syscall: 'open',
  path: '/Users/brainjocks/Projects/north-georgia-running/.next/server/app/page/app-build-manifest.json'
}
 ⨯ [Error: ENOENT: no such file or directory, open '/Users/brainjocks/Projects/north-georgia-running/.next/server/app/page/app-build-manifest.json'] {
  errno: -2,
  code: 'ENOENT',
  syscall: 'open',
  path: '/Users/brainjocks/Projects/north-georgia-running/.next/server/app/page/app-build-manifest.json'
}
 ⨯ [Error: ENOENT: no such file or directory, open '/Users/brainjocks/Projects/north-georgia-running/.next/server/app/page/app-build-manifest.json'] {
  errno: -2,
  code: 'ENOENT',
  syscall: 'open',
  path: '/Users/brainjocks/Projects/north-georgia-running/.next/server/app/page/app-build-manifest.json'
}
 ⨯ [Error: ENOENT: no such file or directory, open '/Users/brainjocks/Projects/north-georgia-running/.next/server/app/page/app-build-manifest.json'] {
  errno: -2,
  code: 'ENOENT',
  syscall: 'open',
  path: '/Users/brainjocks/Projects/north-georgia-running/.next/server/app/page/app-build-manifest.json'
}
 ⨯ [Error: ENOENT: no such file or directory, open '/Users/brainjocks/Projects/north-georgia-running/.next/server/app/page/app-build-manifest.json'] {
  errno: -2,
  code: 'ENOENT',
  syscall: 'open',
  path: '/Users/brainjocks/Projects/north-georgia-running/.next/server/app/page/app-build-manifest.json'
}
 ⨯ [Error: ENOENT: no such file or directory, open '/Users/brainjocks/Projects/north-georgia-running/.next/server/app/page/app-build-manifest.json'] {
  errno: -2,
  code: 'ENOENT',
  syscall: 'open',
  path: '/Users/brainjocks/Projects/north-georgia-running/.next/server/app/page/app-build-manifest.json'
}
 ⨯ [Error: ENOENT: no such file or directory, open '/Users/brainjocks/Projects/north-georgia-running/.next/server/app/page/app-build-manifest.json'] {
  errno: -2,
  code: 'ENOENT',
  syscall: 'open',
  path: '/Users/brainjocks/Projects/north-georgia-running/.next/server/app/page/app-build-manifest.json'
}
 ⨯ [Error: ENOENT: no such file or directory, open '/Users/brainjocks/Projects/north-georgia-running/.next/server/app/page/app-build-manifest.json'] {
  errno: -2,
  code: 'ENOENT',
  syscall: 'open',
  path: '/Users/brainjocks/Projects/north-georgia-running/.next/server/app/page/app-build-manifest.json'
}
 ⨯ [Error: ENOENT: no such file or directory, open '/Users/brainjocks/Projects/north-georgia-running/.next/server/app/page/app-build-manifest.json'] {
  errno: -2,
  code: 'ENOENT',
  syscall: 'open',
  path: '/Users/brainjocks/Projects/north-georgia-running/.next/server/app/page/app-build-manifest.json'
}
 ⨯ [Error: ENOENT: no such file or directory, open '/Users/brainjocks/Projects/north-georgia-running/.next/server/app/page/app-build-manifest.json'] {
  errno: -2,
  code: 'ENOENT',
  syscall: 'open',
  path: '/Users/brainjocks/Projects/north-georgia-running/.next/server/app/page/app-build-manifest.json'
}
 ⨯ [Error: ENOENT: no such file or directory, open '/Users/brainjocks/Projects/north-georgia-running/.next/server/app/page/app-build-manifest.json'] {
  errno: -2,
  code: 'ENOENT',
  syscall: 'open',
  path: '/Users/brainjocks/Projects/north-georgia-running/.next/server/app/page/app-build-manifest.json'
}
 ⨯ [Error: ENOENT: no such file or directory, open '/Users/brainjocks/Projects/north-georgia-running/.next/server/app/page/app-build-manifest.json'] {
  errno: -2,
  code: 'ENOENT',
  syscall: 'open',
  path: '/Users/brainjocks/Projects/north-georgia-running/.next/server/app/page/app-build-manifest.json'
}
 ⨯ [Error: ENOENT: no such file or directory, open '/Users/brainjocks/Projects/north-georgia-running/.next/server/app/page/app-build-manifest.json'] {
  errno: -2,
  code: 'ENOENT',
  syscall: 'open',
  path: '/Users/brainjocks/Projects/north-georgia-running/.next/server/app/page/app-build-manifest.json'
}
 ⨯ [Error: ENOENT: no such file or directory, open '/Users/brainjocks/Projects/north-georgia-running/.next/server/app/page/app-build-manifest.json'] {
  errno: -2,
  code: 'ENOENT',
  syscall: 'open',
  path: '/Users/brainjocks/Projects/north-georgia-running/.next/server/app/page/app-build-manifest.json'
}
 ⨯ [Error: ENOENT: no such file or directory, open '/Users/brainjocks/Projects/north-georgia-running/.next/server/app/page/app-build-manifest.json'] {
  errno: -2,
  code: 'ENOENT',
  syscall: 'open',
  path: '/Users/brainjocks/Projects/north-georgia-running/.next/server/app/page/app-build-manifest.json'
}
 ⨯ [Error: ENOENT: no such file or directory, open '/Users/brainjocks/Projects/north-georgia-running/.next/server/app/page/app-build-manifest.json'] {
  errno: -2,
  code: 'ENOENT',
  syscall: 'open',
  path: '/Users/brainjocks/Projects/north-georgia-running/.next/server/app/page/app-build-manifest.json'
}
 ⨯ [Error: ENOENT: no such file or directory, open '/Users/brainjocks/Projects/north-georgia-running/.next/server/app/page/app-build-manifest.json'] {
  errno: -2,
  code: 'ENOENT',
  syscall: 'open',
  path: '/Users/brainjocks/Projects/north-georgia-running/.next/server/app/page/app-build-manifest.json'
}
 ⨯ [Error: ENOENT: no such file or directory, open '/Users/brainjocks/Projects/north-georgia-running/.next/server/app/page/app-build-manifest.json'] {
  errno: -2,
  code: 'ENOENT',
  syscall: 'open',
  path: '/Users/brainjocks/Projects/north-georgia-running/.next/server/app/page/app-build-manifest.json'
}
 ⨯ [Error: ENOENT: no such file or directory, open '/Users/brainjocks/Projects/north-georgia-running/.next/server/app/page/app-build-manifest.json'] {
  errno: -2,
  code: 'ENOENT',
  syscall: 'open',
  path: '/Users/brainjocks/Projects/north-georgia-running/.next/server/app/page/app-build-manifest.json'
}
 ⨯ [Error: ENOENT: no such file or directory, open '/Users/brainjocks/Projects/north-georgia-running/.next/server/app/page/app-build-manifest.json'] {
  errno: -2,
  code: 'ENOENT',
  syscall: 'open',
  path: '/Users/brainjocks/Projects/north-georgia-running/.next/server/app/page/app-build-manifest.json'
}
 ⨯ [Error: ENOENT: no such file or directory, open '/Users/brainjocks/Projects/north-georgia-running/.next/server/app/page/app-build-manifest.json'] {
  errno: -2,
  code: 'ENOENT',
  syscall: 'open',
  path: '/Users/brainjocks/Projects/north-georgia-running/.next/server/app/page/app-build-manifest.json'
}
 ⨯ [Error: ENOENT: no such file or directory, open '/Users/brainjocks/Projects/north-georgia-running/.next/server/app/page/app-build-manifest.json'] {
  errno: -2,
  code: 'ENOENT',
  syscall: 'open',
  path: '/Users/brainjocks/Projects/north-georgia-running/.next/server/app/page/app-build-manifest.json'
}
 ⨯ [Error: ENOENT: no such file or directory, open '/Users/brainjocks/Projects/north-georgia-running/.next/server/app/page/app-build-manifest.json'] {
  errno: -2,
  code: 'ENOENT',
  syscall: 'open',
  path: '/Users/brainjocks/Projects/north-georgia-running/.next/server/app/page/app-build-manifest.json'
}
 ⨯ [Error: ENOENT: no such file or directory, open '/Users/brainjocks/Projects/north-georgia-running/.next/server/app/page/app-build-manifest.json'] {
  errno: -2,
  code: 'ENOENT',
  syscall: 'open',
  path: '/Users/brainjocks/Projects/north-georgia-running/.next/server/app/page/app-build-manifest.json'
}
 ⨯ [Error: ENOENT: no such file or directory, open '/Users/brainjocks/Projects/north-georgia-running/.next/server/app/page/app-build-manifest.json'] {
  errno: -2,
  code: 'ENOENT',
  syscall: 'open',
  path: '/Users/brainjocks/Projects/north-georgia-running/.next/server/app/page/app-build-manifest.json'
}
 ⨯ [Error: ENOENT: no such file or directory, open '/Users/brainjocks/Projects/north-georgia-running/.next/server/app/page/app-build-manifest.json'] {
  errno: -2,
  code: 'ENOENT',
  syscall: 'open',
  path: '/Users/brainjocks/Projects/north-georgia-running/.next/server/app/page/app-build-manifest.json'
}
 ⨯ [Error: ENOENT: no such file or directory, open '/Users/brainjocks/Projects/north-georgia-running/.next/server/app/page/app-build-manifest.json'] {
  errno: -2,
  code: 'ENOENT',
  syscall: 'open',
  path: '/Users/brainjocks/Projects/north-georgia-running/.next/server/app/page/app-build-manifest.json'
}
 ⨯ [Error: ENOENT: no such file or directory, open '/Users/brainjocks/Projects/north-georgia-running/.next/server/app/page/app-build-manifest.json'] {
  errno: -2,
  code: 'ENOENT',
  syscall: 'open',
  path: '/Users/brainjocks/Projects/north-georgia-running/.next/server/app/page/app-build-manifest.json'
}
 ⨯ [Error: ENOENT: no such file or directory, open '/Users/brainjocks/Projects/north-georgia-running/.next/server/app/page/app-build-manifest.json'] {
  errno: -2,
  code: 'ENOENT',
  syscall: 'open',
  path: '/Users/brainjocks/Projects/north-georgia-running/.next/server/app/page/app-build-manifest.json'
}
 ⨯ [Error: ENOENT: no such file or directory, open '/Users/brainjocks/Projects/north-georgia-running/.next/server/app/page/app-build-manifest.json'] {
  errno: -2,
  code: 'ENOENT',
  syscall: 'open',
  path: '/Users/brainjocks/Projects/north-georgia-running/.next/server/app/page/app-build-manifest.json'
}
 ⨯ [Error: ENOENT: no such file or directory, open '/Users/brainjocks/Projects/north-georgia-running/.next/server/app/page/app-build-manifest.json'] {
  errno: -2,
  code: 'ENOENT',
  syscall: 'open',
  path: '/Users/brainjocks/Projects/north-georgia-running/.next/server/app/page/app-build-manifest.json'
}
 ⨯ [Error: ENOENT: no such file or directory, open '/Users/brainjocks/Projects/north-georgia-running/.next/server/app/page/app-build-manifest.json'] {
  errno: -2,
  code: 'ENOENT',
  syscall: 'open',
  path: '/Users/brainjocks/Projects/north-georgia-running/.next/server/app/page/app-build-manifest.json'
}
 ⨯ [Error: ENOENT: no such file or directory, open '/Users/brainjocks/Projects/north-georgia-running/.next/server/app/page/app-build-manifest.json'] {
  errno: -2,
  code: 'ENOENT',
  syscall: 'open',
  path: '/Users/brainjocks/Projects/north-georgia-running/.next/server/app/page/app-build-manifest.json'
}
 ⨯ [Error: ENOENT: no such file or directory, open '/Users/brainjocks/Projects/north-georgia-running/.next/server/app/page/app-build-manifest.json'] {
  errno: -2,
  code: 'ENOENT',
  syscall: 'open',
  path: '/Users/brainjocks/Projects/north-georgia-running/.next/server/app/page/app-build-manifest.json'
}
 ⨯ [Error: ENOENT: no such file or directory, open '/Users/brainjocks/Projects/north-georgia-running/.next/server/app/page/app-build-manifest.json'] {
  errno: -2,
  code: 'ENOENT',
  syscall: 'open',
  path: '/Users/brainjocks/Projects/north-georgia-running/.next/server/app/page/app-build-manifest.json'
}
 ⨯ [Error: ENOENT: no such file or directory, open '/Users/brainjocks/Projects/north-georgia-running/.next/server/app/page/app-build-manifest.json'] {
  errno: -2,
  code: 'ENOENT',
  syscall: 'open',
  path: '/Users/brainjocks/Projects/north-georgia-running/.next/server/app/page/app-build-manifest.json'
}
 ⨯ [Error: ENOENT: no such file or directory, open '/Users/brainjocks/Projects/north-georgia-running/.next/server/app/page/app-build-manifest.json'] {
  errno: -2,
  code: 'ENOENT',
  syscall: 'open',
  path: '/Users/brainjocks/Projects/north-georgia-running/.next/server/app/page/app-build-manifest.json'
}
 ⨯ [Error: ENOENT: no such file or directory, open '/Users/brainjocks/Projects/north-georgia-running/.next/server/app/page/app-build-manifest.json'] {
  errno: -2,
  code: 'ENOENT',
  syscall: 'open',
  path: '/Users/brainjocks/Projects/north-georgia-running/.next/server/app/page/app-build-manifest.json'
}
 ⨯ [Error: ENOENT: no such file or directory, open '/Users/brainjocks/Projects/north-georgia-running/.next/server/app/page/app-build-manifest.json'] {
  errno: -2,
  code: 'ENOENT',
  syscall: 'open',
  path: '/Users/brainjocks/Projects/north-georgia-running/.next/server/app/page/app-build-manifest.json'
}
 ⨯ [Error: ENOENT: no such file or directory, open '/Users/brainjocks/Projects/north-georgia-running/.next/server/app/page/app-build-manifest.json'] {
  errno: -2,
  code: 'ENOENT',
  syscall: 'open',
  path: '/Users/brainjocks/Projects/north-georgia-running/.next/server/app/page/app-build-manifest.json'
}
 ⨯ [Error: ENOENT: no such file or directory, open '/Users/brainjocks/Projects/north-georgia-running/.next/server/app/page/app-build-manifest.json'] {
  errno: -2,
  code: 'ENOENT',
  syscall: 'open',
  path: '/Users/brainjocks/Projects/north-georgia-running/.next/server/app/page/app-build-manifest.json'
}
 ⨯ [Error: ENOENT: no such file or directory, open '/Users/brainjocks/Projects/north-georgia-running/.next/server/app/page/app-build-manifest.json'] {
  errno: -2,
  code: 'ENOENT',
  syscall: 'open',
  path: '/Users/brainjocks/Projects/north-georgia-running/.next/server/app/page/app-build-manifest.json'
}
 ⨯ [Error: ENOENT: no such file or directory, open '/Users/brainjocks/Projects/north-georgia-running/.next/server/app/page/app-build-manifest.json'] {
  errno: -2,
  code: 'ENOENT',
  syscall: 'open',
  path: '/Users/brainjocks/Projects/north-georgia-running/.next/server/app/page/app-build-manifest.json'
}
 ⨯ [Error: ENOENT: no such file or directory, open '/Users/brainjocks/Projects/north-georgia-running/.next/server/app/page/app-build-manifest.json'] {
  errno: -2,
  code: 'ENOENT',
  syscall: 'open',
  path: '/Users/brainjocks/Projects/north-georgia-running/.next/server/app/page/app-build-manifest.json'
}
 ⨯ [Error: ENOENT: no such file or directory, open '/Users/brainjocks/Projects/north-georgia-running/.next/server/app/page/app-build-manifest.json'] {
  errno: -2,
  code: 'ENOENT',
  syscall: 'open',
  path: '/Users/brainjocks/Projects/north-georgia-running/.next/server/app/page/app-build-manifest.json'
}
 ⨯ [Error: ENOENT: no such file or directory, open '/Users/brainjocks/Projects/north-georgia-running/.next/server/app/page/app-build-manifest.json'] {
  errno: -2,
  code: 'ENOENT',
  syscall: 'open',
  path: '/Users/brainjocks/Projects/north-georgia-running/.next/server/app/page/app-build-manifest.json'
}
 ⨯ [Error: ENOENT: no such file or directory, open '/Users/brainjocks/Projects/north-georgia-running/.next/server/app/page/app-build-manifest.json'] {
  errno: -2,
  code: 'ENOENT',
  syscall: 'open',
  path: '/Users/brainjocks/Projects/north-georgia-running/.next/server/app/page/app-build-manifest.json'
}
 ⨯ [Error: ENOENT: no such file or directory, open '/Users/brainjocks/Projects/north-georgia-running/.next/server/app/page/app-build-manifest.json'] {
  errno: -2,
  code: 'ENOENT',
  syscall: 'open',
  path: '/Users/brainjocks/Projects/north-georgia-running/.next/server/app/page/app-build-manifest.json'
}
 ⨯ [Error: ENOENT: no such file or directory, open '/Users/brainjocks/Projects/north-georgia-running/.next/server/app/page/app-build-manifest.json'] {
  errno: -2,
  code: 'ENOENT',
  syscall: 'open',
  path: '/Users/brainjocks/Projects/north-georgia-running/.next/server/app/page/app-build-manifest.json'
}
 ⨯ [Error: ENOENT: no such file or directory, open '/Users/brainjocks/Projects/north-georgia-running/.next/server/app/page/app-build-manifest.json'] {
  errno: -2,
  code: 'ENOENT',
  syscall: 'open',
  path: '/Users/brainjocks/Projects/north-georgia-running/.next/server/app/page/app-build-manifest.json'
}
 ⨯ [Error: ENOENT: no such file or directory, open '/Users/brainjocks/Projects/north-georgia-running/.next/server/app/page/app-build-manifest.json'] {
  errno: -2,
  code: 'ENOENT',
  syscall: 'open',
  path: '/Users/brainjocks/Projects/north-georgia-running/.next/server/app/page/app-build-manifest.json'
}
 ⨯ [Error: ENOENT: no such file or directory, open '/Users/brainjocks/Projects/north-georgia-running/.next/server/app/page/app-build-manifest.json'] {
  errno: -2,
  code: 'ENOENT',
  syscall: 'open',
  path: '/Users/brainjocks/Projects/north-georgia-running/.next/server/app/page/app-build-manifest.json'
}
[?25h
